[Brain] Loading AI Engine (TinyLlama)...
python.exe : 
At line:1 char:1
+ & 'c:\Users\deegh\OneDrive\
Desktop\DEE\ADORIX\user 
detection\venv\Scr ...
+ ~~~~~~~~~~~~~~~~~~~~~~~~~~~
~~~~~~~~~~~~~~~~~~~~~~~~~~~~~
~~~~~~~~~~~~~
    + CategoryInfo           
   : NotSpecified: (:String  
  ) [], RemoteException
    + FullyQualifiedErrorId  
   : NativeCommandError
 
Loading weights:   0%|       
   | 0/201 [00:00<?, ?it/s]
Loading weights:   0%|       
   | 1/201 [00:00<?, ?it/s, 
Materializing 
param=lm_head.weight]
Loading weights:   0%|       
   | 1/201 [00:00<?, ?it/s, 
Materializing 
param=lm_head.weight]
Loading weights:   1%|       
   | 2/201 [00:00<00:10, 
19.57it/s, Materializing 
param=lm_head.weight]
Loading weights:   1%|       
   | 2/201 [00:00<00:10, 
19.57it/s, Materializing para
m=model.embed_tokens.weight]
Loading weights:   1%|       
   | 2/201 [00:00<00:10, 
19.57it/s, Materializing para
m=model.embed_tokens.weight]
Loading weights:   1%|1      
   | 3/201 [00:00<00:10, 
19.57it/s, Materializing para
m=model.layers.0.input_layern
orm.weight]
Loading weights:   1%|1      
   | 3/201 [00:00<00:10, 
19.57it/s, Materializing para
m=model.layers.0.input_layern
orm.weight]
Loading weights:   2%|1      
   | 4/201 [00:00<00:10, 
19.57it/s, Materializing para
m=model.layers.0.mlp.down_pro
j.weight]  
Loading weights:   2%|1      
   | 4/201 [00:00<00:10, 
19.57it/s, Materializing para
m=model.layers.0.mlp.down_pro
j.weight]
Loading weights:   2%|2      
   | 5/201 [00:00<00:08, 
23.24it/s, Materializing para
m=model.layers.0.mlp.down_pro
j.weight]
Loading weights:   2%|2      
   | 5/201 [00:00<00:08, 
23.24it/s, Materializing para
m=model.layers.0.mlp.gate_pro
j.weight]
Loading weights:   2%|2      
   | 5/201 [00:00<00:08, 
23.24it/s, Materializing para
m=model.layers.0.mlp.gate_pro
j.weight]
Loading weights:   3%|2      
   | 6/201 [00:00<00:08, 
23.24it/s, Materializing para
m=model.layers.0.mlp.up_proj.
weight]  
Loading weights:   3%|2      
   | 6/201 [00:00<00:08, 
23.24it/s, Materializing para
m=model.layers.0.mlp.up_proj.
weight]
Loading weights:   3%|3      
   | 7/201 [00:00<00:08, 
23.24it/s, Materializing para
m=model.layers.0.post_attenti
on_layernorm.weight]
Loading weights:   3%|3      
   | 7/201 [00:00<00:08, 
23.24it/s, Materializing para
m=model.layers.0.post_attenti
on_layernorm.weight]
Loading weights:   4%|3      
   | 8/201 [00:00<00:08, 
23.24it/s, Materializing para
m=model.layers.0.self_attn.k_
proj.weight]        
Loading weights:   4%|3      
   | 8/201 [00:00<00:08, 
23.24it/s, Materializing para
